test_normalization_expected
0,0,0.6,0.8
0,0,1,0.8
0,0,0.2,-1
